Số ảnh: {'train': 10501, 'val': 3501, 'test': 3507} | tỉ lệ: {'train': 0.5997, 'val': 0.2, 'test': 0.2003} | hợp: 17509 | giao: {'train∩val': 0, 'train∩test': 0, 'val∩test': 0} | thiếu file: 0
                train   val  test  total
Chinee Apple      675   225   226   1126
Lantana           637   213   213   1063
Parkinsonia       618   206   207   1031
Parthenium        613   204   205   1022
Prickly Acacia    637   212   213   1062
Rubber Vine       605   202   202   1009
Siam Weed         644   215   215   1074
Snake Weed        609   203   204   1016
Negatives        5463  1821  1822   9106
kích thước ảnh (mẫu 300): {(256, 256)}
                train   val  test  total  paper_table1  diff_vs_paper
Chinee Apple      675   225   226   1126          1125              1
Lantana           637   213   213   1063          1064             -1
Parkinsonia       618   206   207   1031          1031              0
Parthenium        613   204   205   1022          1022              0
Prickly Acacia    637   212   213   1062          1062              0
Rubber Vine       605   202   202   1009          1009              0
Siam Weed         644   215   215   1074          1074              0
Snake Weed        609   203   204   1016          1016              0
Negatives        5463  1821  1822   9106          9106              0
stage eda xong sau 0.8 phút
/content/drive/MyDrive/VinAI/K4-Track4-Day2-Deeplearning-Advance/submissions/MSSV_ho_ten/code/dataset.py:169: UserWarning: The given NumPy array is not writable, and PyTorch does not support non-writable tensors. This means writing to this tensor will result in undefined behavior. You may want to copy the array to protect its data or make it writable before converting it to a tensor. This type of warning will be suppressed for the rest of this program. (Triggered internally at /pytorch/torch/csrc/utils/tensor_numpy.cpp:213.)
  return torch.from_numpy(a).permute(2, 0, 1)  # uint8 CHW
/content/drive/MyDrive/VinAI/K4-Track4-Day2-Deeplearning-Advance/submissions/MSSV_ho_ten/code/dataset.py:169: UserWarning: The given NumPy array is not writable, and PyTorch does not support non-writable tensors. This means writing to this tensor will result in undefined behavior. You may want to copy the array to protect its data or make it writable before converting it to a tensor. This type of warning will be suppressed for the rest of this program. (Triggered internally at /pytorch/torch/csrc/utils/tensor_numpy.cpp:213.)
  return torch.from_numpy(a).permute(2, 0, 1)  # uint8 CHW
Warning: You are sending unauthenticated requests to the HF Hub. Please set a HF_TOKEN to enable higher rate limits and faster downloads.
loss ban đầu 2.187 (ln 9 = 2.197); overfit 16 ảnh: 2.220 -> 0.0001
/content/drive/MyDrive/VinAI/K4-Track4-Day2-Deeplearning-Advance/submissions/MSSV_ho_ten/code/dataset.py:169: UserWarning: The given NumPy array is not writable, and PyTorch does not support non-writable tensors. This means writing to this tensor will result in undefined behavior. You may want to copy the array to protect its data or make it writable before converting it to a tensor. This type of warning will be suppressed for the rest of this program. (Triggered internally at /pytorch/torch/csrc/utils/tensor_numpy.cpp:213.)
  return torch.from_numpy(a).permute(2, 0, 1)  # uint8 CHW
stage sanity xong sau 0.4 phút
Số ảnh: {'train': 10501, 'val': 3501, 'test': 3507} | tỉ lệ: {'train': 0.5997, 'val': 0.2, 'test': 0.2003} | hợp: 17509 | giao: {'train∩val': 0, 'train∩test': 0, 'val∩test': 0} | thiếu file: 0
                train   val  test  total
Chinee Apple      675   225   226   1126
Lantana           637   213   213   1063
Parkinsonia       618   206   207   1031
Parthenium        613   204   205   1022
Prickly Acacia    637   212   213   1062
Rubber Vine       605   202   202   1009
Siam Weed         644   215   215   1074
Snake Weed        609   203   204   1016
Negatives        5463  1821  1822   9106
Warning: You are sending unauthenticated requests to the HF Hub. Please set a HF_TOKEN to enable higher rate limits and faster downloads.
/content/drive/MyDrive/VinAI/K4-Track4-Day2-Deeplearning-Advance/submissions/MSSV_ho_ten/code/dataset.py:169: UserWarning: The given NumPy array is not writable, and PyTorch does not support non-writable tensors. This means writing to this tensor will result in undefined behavior. You may want to copy the array to protect its data or make it writable before converting it to a tensor. This type of warning will be suppressed for the rest of this program. (Triggered internally at /pytorch/torch/csrc/utils/tensor_numpy.cpp:213.)
  return torch.from_numpy(a).permute(2, 0, 1)  # uint8 CHW
/content/drive/MyDrive/VinAI/K4-Track4-Day2-Deeplearning-Advance/submissions/MSSV_ho_ten/code/dataset.py:169: UserWarning: The given NumPy array is not writable, and PyTorch does not support non-writable tensors. This means writing to this tensor will result in undefined behavior. You may want to copy the array to protect its data or make it writable before converting it to a tensor. This type of warning will be suppressed for the rest of this program. (Triggered internally at /pytorch/torch/csrc/utils/tensor_numpy.cpp:213.)
  return torch.from_numpy(a).permute(2, 0, 1)  # uint8 CHW
/content/drive/MyDrive/VinAI/K4-Track4-Day2-Deeplearning-Advance/submissions/MSSV_ho_ten/code/dataset.py:169: UserWarning: The given NumPy array is not writable, and PyTorch does not support non-writable tensors. This means writing to this tensor will result in undefined behavior. You may want to copy the array to protect its data or make it writable before converting it to a tensor. This type of warning will be suppressed for the rest of this program. (Triggered internally at /pytorch/torch/csrc/utils/tensor_numpy.cpp:213.)
  return torch.from_numpy(a).permute(2, 0, 1)  # uint8 CHW
/content/drive/MyDrive/VinAI/K4-Track4-Day2-Deeplearning-Advance/submissions/MSSV_ho_ten/code/dataset.py:169: UserWarning: The given NumPy array is not writable, and PyTorch does not support non-writable tensors. This means writing to this tensor will result in undefined behavior. You may want to copy the array to protect its data or make it writable before converting it to a tensor. This type of warning will be suppressed for the rest of this program. (Triggered internally at /pytorch/torch/csrc/utils/tensor_numpy.cpp:213.)
  return torch.from_numpy(a).permute(2, 0, 1)  # uint8 CHW
[B01 s0] ep  1 train_loss 1.6530 val_loss 1.2590 val_F1 0.1981 val_top1 0.5573 (36s)
[B01 s0] ep  2 train_loss 0.9724 val_loss 0.7979 val_F1 0.5855 val_top1 0.7152 (33s)
[B01 s0] ep  3 train_loss 0.6939 val_loss 0.6233 val_F1 0.6819 val_top1 0.7769 (34s)
[B01 s0] ep  4 train_loss 0.5809 val_loss 0.5466 val_F1 0.7343 val_top1 0.8086 (34s)
[B01 s0] ep  5 train_loss 0.5059 val_loss 0.5120 val_F1 0.7578 val_top1 0.8263 (34s)
[B01 s0] ep  6 train_loss 0.4731 val_loss 0.4825 val_F1 0.7792 val_top1 0.8400 (34s)
[B01 s0] ep  7 train_loss 0.4412 val_loss 0.4719 val_F1 0.7791 val_top1 0.8429 (35s)
[B01 s0] ep  8 train_loss 0.4238 val_loss 0.4667 val_F1 0.7824 val_top1 0.8435 (34s)
[B01 s0] ep  9 train_loss 0.4154 val_loss 0.4642 val_F1 0.7850 val_top1 0.8446 (34s)
[B01 s0] ep 10 train_loss 0.4087 val_loss 0.4562 val_F1 0.7850 val_top1 0.8446 (34s)
Số ảnh: {'train': 10501, 'val': 3501, 'test': 3507} | tỉ lệ: {'train': 0.5997, 'val': 0.2, 'test': 0.2003} | hợp: 17509 | giao: {'train∩val': 0, 'train∩test': 0, 'val∩test': 0} | thiếu file: 0
                train   val  test  total
Chinee Apple      675   225   226   1126
Lantana           637   213   213   1063
Parkinsonia       618   206   207   1031
Parthenium        613   204   205   1022
Prickly Acacia    637   212   213   1062
Rubber Vine       605   202   202   1009
Siam Weed         644   215   215   1074
Snake Weed        609   203   204   1016
Negatives        5463  1821  1822   9106
/content/drive/MyDrive/VinAI/K4-Track4-Day2-Deeplearning-Advance/submissions/MSSV_ho_ten/code/dataset.py:169: UserWarning: The given NumPy array is not writable, and PyTorch does not support non-writable tensors. This means writing to this tensor will result in undefined behavior. You may want to copy the array to protect its data or make it writable before converting it to a tensor. This type of warning will be suppressed for the rest of this program. (Triggered internally at /pytorch/torch/csrc/utils/tensor_numpy.cpp:213.)
  return torch.from_numpy(a).permute(2, 0, 1)  # uint8 CHW
/content/drive/MyDrive/VinAI/K4-Track4-Day2-Deeplearning-Advance/submissions/MSSV_ho_ten/code/dataset.py:169: UserWarning: The given NumPy array is not writable, and PyTorch does not support non-writable tensors. This means writing to this tensor will result in undefined behavior. You may want to copy the array to protect its data or make it writable before converting it to a tensor. This type of warning will be suppressed for the rest of this program. (Triggered internally at /pytorch/torch/csrc/utils/tensor_numpy.cpp:213.)
  return torch.from_numpy(a).permute(2, 0, 1)  # uint8 CHW
/content/drive/MyDrive/VinAI/K4-Track4-Day2-Deeplearning-Advance/submissions/MSSV_ho_ten/code/train.py:202: UserWarning: Detected call of `lr_scheduler.step()` before `optimizer.step()`. In PyTorch 1.1.0 and later, you should call them in the opposite order: `optimizer.step()` before `lr_scheduler.step()`.  Failure to do this will result in PyTorch skipping the first value of the learning rate schedule. See more details at https://pytorch.org/docs/stable/optim.html#how-to-adjust-learning-rate
  scheduler.step()
/content/drive/MyDrive/VinAI/K4-Track4-Day2-Deeplearning-Advance/submissions/MSSV_ho_ten/code/dataset.py:169: UserWarning: The given NumPy array is not writable, and PyTorch does not support non-writable tensors. This means writing to this tensor will result in undefined behavior. You may want to copy the array to protect its data or make it writable before converting it to a tensor. This type of warning will be suppressed for the rest of this program. (Triggered internally at /pytorch/torch/csrc/utils/tensor_numpy.cpp:213.)
  return torch.from_numpy(a).permute(2, 0, 1)  # uint8 CHW
/content/drive/MyDrive/VinAI/K4-Track4-Day2-Deeplearning-Advance/submissions/MSSV_ho_ten/code/dataset.py:169: UserWarning: The given NumPy array is not writable, and PyTorch does not support non-writable tensors. This means writing to this tensor will result in undefined behavior. You may want to copy the array to protect its data or make it writable before converting it to a tensor. This type of warning will be suppressed for the rest of this program. (Triggered internally at /pytorch/torch/csrc/utils/tensor_numpy.cpp:213.)
  return torch.from_numpy(a).permute(2, 0, 1)  # uint8 CHW
[B02 s0] ep  1 train_loss 0.7622 val_loss 0.3225 val_F1 0.8573 val_top1 0.8946 (64s)
[B02 s0] ep  2 train_loss 0.2961 val_loss 0.2167 val_F1 0.9108 val_top1 0.9303 (47s)
[B02 s0] ep  3 train_loss 0.2234 val_loss 0.2005 val_F1 0.9183 val_top1 0.9369 (46s)
[B02 s0] ep  4 train_loss 0.1727 val_loss 0.1580 val_F1 0.9357 val_top1 0.9520 (47s)
[B02 s0] ep  5 train_loss 0.1457 val_loss 0.1360 val_F1 0.9473 val_top1 0.9574 (47s)
[B02 s0] ep  6 train_loss 0.1103 val_loss 0.1628 val_F1 0.9385 val_top1 0.9509 (46s)
[B02 s0] ep  7 train_loss 0.0721 val_loss 0.0990 val_F1 0.9655 val_top1 0.9732 (46s)
[B02 s0] ep  8 train_loss 0.0625 val_loss 0.0954 val_F1 0.9650 val_top1 0.9737 (46s)
[B02 s0] ep  9 train_loss 0.0446 val_loss 0.0914 val_F1 0.9676 val_top1 0.9760 (46s)
[B02 s0] ep 10 train_loss 0.0433 val_loss 0.0953 val_F1 0.9661 val_top1 0.9749 (46s)
Số ảnh: {'train': 10501, 'val': 3501, 'test': 3507} | tỉ lệ: {'train': 0.5997, 'val': 0.2, 'test': 0.2003} | hợp: 17509 | giao: {'train∩val': 0, 'train∩test': 0, 'val∩test': 0} | thiếu file: 0
                train   val  test  total
Chinee Apple      675   225   226   1126
Lantana           637   213   213   1063
Parkinsonia       618   206   207   1031
Parthenium        613   204   205   1022
Prickly Acacia    637   212   213   1062
Rubber Vine       605   202   202   1009
Siam Weed         644   215   215   1074
Snake Weed        609   203   204   1016
Negatives        5463  1821  1822   9106
/content/drive/MyDrive/VinAI/K4-Track4-Day2-Deeplearning-Advance/submissions/MSSV_ho_ten/code/dataset.py:169: UserWarning: The given NumPy array is not writable, and PyTorch does not support non-writable tensors. This means writing to this tensor will result in undefined behavior. You may want to copy the array to protect its data or make it writable before converting it to a tensor. This type of warning will be suppressed for the rest of this program. (Triggered internally at /pytorch/torch/csrc/utils/tensor_numpy.cpp:213.)
  return torch.from_numpy(a).permute(2, 0, 1)  # uint8 CHW
/content/drive/MyDrive/VinAI/K4-Track4-Day2-Deeplearning-Advance/submissions/MSSV_ho_ten/code/dataset.py:169: UserWarning: The given NumPy array is not writable, and PyTorch does not support non-writable tensors. This means writing to this tensor will result in undefined behavior. You may want to copy the array to protect its data or make it writable before converting it to a tensor. This type of warning will be suppressed for the rest of this program. (Triggered internally at /pytorch/torch/csrc/utils/tensor_numpy.cpp:213.)
  return torch.from_numpy(a).permute(2, 0, 1)  # uint8 CHW
/content/drive/MyDrive/VinAI/K4-Track4-Day2-Deeplearning-Advance/submissions/MSSV_ho_ten/code/train.py:202: UserWarning: Detected call of `lr_scheduler.step()` before `optimizer.step()`. In PyTorch 1.1.0 and later, you should call them in the opposite order: `optimizer.step()` before `lr_scheduler.step()`.  Failure to do this will result in PyTorch skipping the first value of the learning rate schedule. See more details at https://pytorch.org/docs/stable/optim.html#how-to-adjust-learning-rate
  scheduler.step()
/content/drive/MyDrive/VinAI/K4-Track4-Day2-Deeplearning-Advance/submissions/MSSV_ho_ten/code/dataset.py:169: UserWarning: The given NumPy array is not writable, and PyTorch does not support non-writable tensors. This means writing to this tensor will result in undefined behavior. You may want to copy the array to protect its data or make it writable before converting it to a tensor. This type of warning will be suppressed for the rest of this program. (Triggered internally at /pytorch/torch/csrc/utils/tensor_numpy.cpp:213.)
  return torch.from_numpy(a).permute(2, 0, 1)  # uint8 CHW
/content/drive/MyDrive/VinAI/K4-Track4-Day2-Deeplearning-Advance/submissions/MSSV_ho_ten/code/dataset.py:169: UserWarning: The given NumPy array is not writable, and PyTorch does not support non-writable tensors. This means writing to this tensor will result in undefined behavior. You may want to copy the array to protect its data or make it writable before converting it to a tensor. This type of warning will be suppressed for the rest of this program. (Triggered internally at /pytorch/torch/csrc/utils/tensor_numpy.cpp:213.)
  return torch.from_numpy(a).permute(2, 0, 1)  # uint8 CHW
[B03 s0] ep  1 train_loss 0.9139 val_loss 0.3228 val_F1 0.8674 val_top1 0.8992 (33s)
[B03 s0] ep  2 train_loss 0.3556 val_loss 0.4661 val_F1 0.8019 val_top1 0.8475 (31s)
[B03 s0] ep  3 train_loss 0.2507 val_loss 0.2704 val_F1 0.8759 val_top1 0.9075 (33s)
[B03 s0] ep  4 train_loss 0.2040 val_loss 0.1758 val_F1 0.9211 val_top1 0.9429 (35s)
[B03 s0] ep  5 train_loss 0.1603 val_loss 0.1754 val_F1 0.9250 val_top1 0.9454 (32s)
[B03 s0] ep  6 train_loss 0.1210 val_loss 0.1627 val_F1 0.9337 val_top1 0.9512 (32s)
[B03 s0] ep  7 train_loss 0.0937 val_loss 0.1528 val_F1 0.9355 val_top1 0.9512 (32s)
[B03 s0] ep  8 train_loss 0.0744 val_loss 0.1398 val_F1 0.9395 val_top1 0.9560 (32s)
[B03 s0] ep  9 train_loss 0.0675 val_loss 0.1272 val_F1 0.9460 val_top1 0.9617 (31s)
[B03 s0] ep 10 train_loss 0.0608 val_loss 0.1285 val_F1 0.9444 val_top1 0.9606 (32s)
Số ảnh: {'train': 10501, 'val': 3501, 'test': 3507} | tỉ lệ: {'train': 0.5997, 'val': 0.2, 'test': 0.2003} | hợp: 17509 | giao: {'train∩val': 0, 'train∩test': 0, 'val∩test': 0} | thiếu file: 0
                train   val  test  total
Chinee Apple      675   225   226   1126
Lantana           637   213   213   1063
Parkinsonia       618   206   207   1031
Parthenium        613   204   205   1022
Prickly Acacia    637   212   213   1062
Rubber Vine       605   202   202   1009
Siam Weed         644   215   215   1074
Snake Weed        609   203   204   1016
Negatives        5463  1821  1822   9106
/content/drive/MyDrive/VinAI/K4-Track4-Day2-Deeplearning-Advance/submissions/MSSV_ho_ten/code/dataset.py:169: UserWarning: The given NumPy array is not writable, and PyTorch does not support non-writable tensors. This means writing to this tensor will result in undefined behavior. You may want to copy the array to protect its data or make it writable before converting it to a tensor. This type of warning will be suppressed for the rest of this program. (Triggered internally at /pytorch/torch/csrc/utils/tensor_numpy.cpp:213.)
  return torch.from_numpy(a).permute(2, 0, 1)  # uint8 CHW
/content/drive/MyDrive/VinAI/K4-Track4-Day2-Deeplearning-Advance/submissions/MSSV_ho_ten/code/dataset.py:169: UserWarning: The given NumPy array is not writable, and PyTorch does not support non-writable tensors. This means writing to this tensor will result in undefined behavior. You may want to copy the array to protect its data or make it writable before converting it to a tensor. This type of warning will be suppressed for the rest of this program. (Triggered internally at /pytorch/torch/csrc/utils/tensor_numpy.cpp:213.)
  return torch.from_numpy(a).permute(2, 0, 1)  # uint8 CHW
/content/drive/MyDrive/VinAI/K4-Track4-Day2-Deeplearning-Advance/submissions/MSSV_ho_ten/code/dataset.py:169: UserWarning: The given NumPy array is not writable, and PyTorch does not support non-writable tensors. This means writing to this tensor will result in undefined behavior. You may want to copy the array to protect its data or make it writable before converting it to a tensor. This type of warning will be suppressed for the rest of this program. (Triggered internally at /pytorch/torch/csrc/utils/tensor_numpy.cpp:213.)
  return torch.from_numpy(a).permute(2, 0, 1)  # uint8 CHW
/content/drive/MyDrive/VinAI/K4-Track4-Day2-Deeplearning-Advance/submissions/MSSV_ho_ten/code/dataset.py:169: UserWarning: The given NumPy array is not writable, and PyTorch does not support non-writable tensors. This means writing to this tensor will result in undefined behavior. You may want to copy the array to protect its data or make it writable before converting it to a tensor. This type of warning will be suppressed for the rest of this program. (Triggered internally at /pytorch/torch/csrc/utils/tensor_numpy.cpp:213.)
  return torch.from_numpy(a).permute(2, 0, 1)  # uint8 CHW
[B04 s0] ep  1 train_loss 2.1578 val_loss 1.4651 val_F1 0.4041 val_top1 0.5321 (57s)
[B04 s0] ep  2 train_loss 0.8170 val_loss 1.0328 val_F1 0.5421 val_top1 0.6547 (28s)
[B04 s0] ep  3 train_loss 0.5662 val_loss 0.8739 val_F1 0.6224 val_top1 0.7309 (27s)
[B04 s0] ep  4 train_loss 0.4430 val_loss 0.7677 val_F1 0.6662 val_top1 0.7532 (27s)
[B04 s0] ep  5 train_loss 0.3875 val_loss 0.8007 val_F1 0.6563 val_top1 0.7592 (28s)
[B04 s0] ep  6 train_loss 0.3264 val_loss 0.6556 val_F1 0.7142 val_top1 0.7958 (28s)
[B04 s0] ep  7 train_loss 0.2941 val_loss 0.6188 val_F1 0.7238 val_top1 0.8021 (28s)
[B04 s0] ep  8 train_loss 0.2811 val_loss 0.6671 val_F1 0.7019 val_top1 0.7838 (28s)
[B04 s0] ep  9 train_loss 0.2627 val_loss 0.6424 val_F1 0.7142 val_top1 0.7943 (28s)
[B04 s0] ep 10 train_loss 0.2632 val_loss 0.6494 val_F1 0.7082 val_top1 0.7892 (27s)
Số ảnh: {'train': 10501, 'val': 3501, 'test': 3507} | tỉ lệ: {'train': 0.5997, 'val': 0.2, 'test': 0.2003} | hợp: 17509 | giao: {'train∩val': 0, 'train∩test': 0, 'val∩test': 0} | thiếu file: 0
                train   val  test  total
Chinee Apple      675   225   226   1126
Lantana           637   213   213   1063
Parkinsonia       618   206   207   1031
Parthenium        613   204   205   1022
Prickly Acacia    637   212   213   1062
Rubber Vine       605   202   202   1009
Siam Weed         644   215   215   1074
Snake Weed        609   203   204   1016
Negatives        5463  1821  1822   9106
/content/drive/MyDrive/VinAI/K4-Track4-Day2-Deeplearning-Advance/submissions/MSSV_ho_ten/code/dataset.py:169: UserWarning: The given NumPy array is not writable, and PyTorch does not support non-writable tensors. This means writing to this tensor will result in undefined behavior. You may want to copy the array to protect its data or make it writable before converting it to a tensor. This type of warning will be suppressed for the rest of this program. (Triggered internally at /pytorch/torch/csrc/utils/tensor_numpy.cpp:213.)
  return torch.from_numpy(a).permute(2, 0, 1)  # uint8 CHW
/content/drive/MyDrive/VinAI/K4-Track4-Day2-Deeplearning-Advance/submissions/MSSV_ho_ten/code/dataset.py:169: UserWarning: The given NumPy array is not writable, and PyTorch does not support non-writable tensors. This means writing to this tensor will result in undefined behavior. You may want to copy the array to protect its data or make it writable before converting it to a tensor. This type of warning will be suppressed for the rest of this program. (Triggered internally at /pytorch/torch/csrc/utils/tensor_numpy.cpp:213.)
  return torch.from_numpy(a).permute(2, 0, 1)  # uint8 CHW
/content/drive/MyDrive/VinAI/K4-Track4-Day2-Deeplearning-Advance/submissions/MSSV_ho_ten/code/train.py:202: UserWarning: Detected call of `lr_scheduler.step()` before `optimizer.step()`. In PyTorch 1.1.0 and later, you should call them in the opposite order: `optimizer.step()` before `lr_scheduler.step()`.  Failure to do this will result in PyTorch skipping the first value of the learning rate schedule. See more details at https://pytorch.org/docs/stable/optim.html#how-to-adjust-learning-rate
  scheduler.step()
/content/drive/MyDrive/VinAI/K4-Track4-Day2-Deeplearning-Advance/submissions/MSSV_ho_ten/code/dataset.py:169: UserWarning: The given NumPy array is not writable, and PyTorch does not support non-writable tensors. This means writing to this tensor will result in undefined behavior. You may want to copy the array to protect its data or make it writable before converting it to a tensor. This type of warning will be suppressed for the rest of this program. (Triggered internally at /pytorch/torch/csrc/utils/tensor_numpy.cpp:213.)
  return torch.from_numpy(a).permute(2, 0, 1)  # uint8 CHW
/content/drive/MyDrive/VinAI/K4-Track4-Day2-Deeplearning-Advance/submissions/MSSV_ho_ten/code/dataset.py:169: UserWarning: The given NumPy array is not writable, and PyTorch does not support non-writable tensors. This means writing to this tensor will result in undefined behavior. You may want to copy the array to protect its data or make it writable before converting it to a tensor. This type of warning will be suppressed for the rest of this program. (Triggered internally at /pytorch/torch/csrc/utils/tensor_numpy.cpp:213.)
  return torch.from_numpy(a).permute(2, 0, 1)  # uint8 CHW
[B05 s0] ep  1 train_loss 1.8761 val_loss 1.4192 val_F1 0.3737 val_top1 0.5444 (36s)
[B05 s0] ep  2 train_loss 0.7689 val_loss 1.2785 val_F1 0.4397 val_top1 0.5898 (23s)
[B05 s0] ep  3 train_loss 0.5459 val_loss 1.1070 val_F1 0.5058 val_top1 0.6472 (22s)
[B05 s0] ep  4 train_loss 0.4352 val_loss 0.9526 val_F1 0.5659 val_top1 0.6972 (22s)
[B05 s0] ep  5 train_loss 0.3759 val_loss 1.0408 val_F1 0.5511 val_top1 0.6792 (23s)
[B05 s0] ep  6 train_loss 0.3245 val_loss 0.8857 val_F1 0.5843 val_top1 0.7109 (24s)
[B05 s0] ep  7 train_loss 0.3008 val_loss 0.8523 val_F1 0.5997 val_top1 0.7207 (24s)
[B05 s0] ep  8 train_loss 0.2785 val_loss 0.9590 val_F1 0.5499 val_top1 0.6858 (22s)
[B05 s0] ep  9 train_loss 0.2706 val_loss 0.8603 val_F1 0.5904 val_top1 0.7149 (22s)
[B05 s0] ep 10 train_loss 0.2577 val_loss 0.8446 val_F1 0.5983 val_top1 0.7238 (22s)
stage backbones xong sau 34.6 phút
