Số ảnh: {'train': 10501, 'val': 3501, 'test': 3507} | tỉ lệ: {'train': 0.5997, 'val': 0.2, 'test': 0.2003} | hợp: 17509 | giao: {'train∩val': 0, 'train∩test': 0, 'val∩test': 0} | thiếu file: 0
                train   val  test  total
Chinee Apple      675   225   226   1126
Lantana           637   213   213   1063
Parkinsonia       618   206   207   1031
Parthenium        613   204   205   1022
Prickly Acacia    637   212   213   1062
Rubber Vine       605   202   202   1009
Siam Weed         644   215   215   1074
Snake Weed        609   203   204   1016
Negatives        5463  1821  1822   9106
/content/drive/MyDrive/VinAI/K4-Track4-Day2-Deeplearning-Advance/submissions/MSSV_ho_ten/code/train.py:202: UserWarning: Detected call of `lr_scheduler.step()` before `optimizer.step()`. In PyTorch 1.1.0 and later, you should call them in the opposite order: `optimizer.step()` before `lr_scheduler.step()`.  Failure to do this will result in PyTorch skipping the first value of the learning rate schedule. See more details at https://pytorch.org/docs/stable/optim.html#how-to-adjust-learning-rate
  scheduler.step()
[T10 s0] ep  1 train_loss 0.8090 val_loss 0.4013 val_F1 0.9020 val_top1 0.9235 (61s)
[T10 s0] ep  2 train_loss 0.4625 val_loss 0.3169 val_F1 0.9236 val_top1 0.9400 (49s)
[T10 s0] ep  3 train_loss 0.3929 val_loss 0.2774 val_F1 0.9469 val_top1 0.9586 (48s)
[T10 s0] ep  4 train_loss 0.3401 val_loss 0.2597 val_F1 0.9573 val_top1 0.9666 (48s)
[T10 s0] ep  5 train_loss 0.2976 val_loss 0.2486 val_F1 0.9588 val_top1 0.9666 (48s)
[T10 s0] ep  6 train_loss 0.2651 val_loss 0.2426 val_F1 0.9561 val_top1 0.9649 (49s)
[T10 s0] ep  7 train_loss 0.2366 val_loss 0.2249 val_F1 0.9621 val_top1 0.9694 (48s)
[T10 s0] ep  8 train_loss 0.2172 val_loss 0.2066 val_F1 0.9649 val_top1 0.9723 (48s)
[T10 s0] ep  9 train_loss 0.2095 val_loss 0.1981 val_F1 0.9651 val_top1 0.9732 (48s)
[T10 s0] ep 10 train_loss 0.2025 val_loss 0.1955 val_F1 0.9621 val_top1 0.9703 (48s)
stage combo xong sau 11.0 phút
Số ảnh: {'train': 10501, 'val': 3501, 'test': 3507} | tỉ lệ: {'train': 0.5997, 'val': 0.2, 'test': 0.2003} | hợp: 17509 | giao: {'train∩val': 0, 'train∩test': 0, 'val∩test': 0} | thiếu file: 0
                train   val  test  total
Chinee Apple      675   225   226   1126
Lantana           637   213   213   1063
Parkinsonia       618   206   207   1031
Parthenium        613   204   205   1022
Prickly Acacia    637   212   213   1062
Rubber Vine       605   202   202   1009
Siam Weed         644   215   215   1074
Snake Weed        609   203   204   1016
Negatives        5463  1821  1822   9106
Warning: You are sending unauthenticated requests to the HF Hub. Please set a HF_TOKEN to enable higher rate limits and faster downloads.
/content/drive/MyDrive/VinAI/K4-Track4-Day2-Deeplearning-Advance/submissions/MSSV_ho_ten/code/train.py:202: UserWarning: Detected call of `lr_scheduler.step()` before `optimizer.step()`. In PyTorch 1.1.0 and later, you should call them in the opposite order: `optimizer.step()` before `lr_scheduler.step()`.  Failure to do this will result in PyTorch skipping the first value of the learning rate schedule. See more details at https://pytorch.org/docs/stable/optim.html#how-to-adjust-learning-rate
  scheduler.step()
[T00 s1] ep  1 train_loss 0.8136 val_loss 0.3258 val_F1 0.8389 val_top1 0.8915 (59s)
[T00 s1] ep  2 train_loss 0.3292 val_loss 0.1859 val_F1 0.9219 val_top1 0.9372 (47s)
[T00 s1] ep  3 train_loss 0.2216 val_loss 0.1604 val_F1 0.9329 val_top1 0.9474 (47s)
[T00 s1] ep  4 train_loss 0.1715 val_loss 0.2057 val_F1 0.9178 val_top1 0.9374 (47s)
[T00 s1] ep  5 train_loss 0.1299 val_loss 0.1390 val_F1 0.9545 val_top1 0.9646 (47s)
[T00 s1] ep  6 train_loss 0.1106 val_loss 0.1060 val_F1 0.9629 val_top1 0.9712 (46s)
[T00 s1] ep  7 train_loss 0.0839 val_loss 0.1200 val_F1 0.9590 val_top1 0.9674 (47s)
[T00 s1] ep  8 train_loss 0.0556 val_loss 0.1041 val_F1 0.9650 val_top1 0.9726 (47s)
[T00 s1] ep  9 train_loss 0.0468 val_loss 0.1077 val_F1 0.9649 val_top1 0.9726 (46s)
